2026-08-14 07:25:50,056 [INFO] ==================================================
2026-08-14 07:25:50,056 [INFO] === Dual Chris Moody Stock Scanner Started ===
2026-08-14 07:25:50,056 [INFO] Current US Eastern Time (NY): 2026-08-13 21:40:50 EDT/EST
2026-08-14 07:25:50,057 [INFO] ==================================================
2026-08-14 07:25:50,057 [INFO] 
--- Running Screener 1 (With $1 Move) ---
2026-08-14 07:25:50,059 [INFO] [Screener 1 (With $1 Move)] Today's scan (2026-08-13) already exists: C:\Users\DELL\Desktop\Chris_Moody_Stock_Scanner\Screener_1_With_Dollar1_Move\Chris_Moody_Daily_Scans\2026-08-13_Scan.xlsx. Skipping.
2026-08-14 07:25:50,059 [INFO] 
--- Running Screener 2 (No $1 Move Limit) ---
2026-08-14 07:25:50,060 [INFO] [Screener 2 (No $1 Move Limit)] Today's scan (2026-08-13) already exists: C:\Users\DELL\Desktop\Chris_Moody_Stock_Scanner\Screener_2_No_Dollar1_Limit\Chris_Moody_Daily_Scans\2026-08-13_Scan.xlsx. Skipping.
2026-08-14 07:25:50,061 [INFO] 
=== All Screeners Completed Successfully ===
2026-08-14 09:00:31,707 [INFO] ==================================================
2026-08-14 09:00:31,708 [INFO] === Dual Chris Moody Stock Scanner Started ===
2026-08-14 09:00:31,708 [INFO] Current US Eastern Time (NY): 2026-08-14 05:00:31 EDT/EST
2026-08-14 09:00:31,708 [INFO] ==================================================
2026-08-14 09:00:31,708 [INFO] 
--- Running Screener 1 (With $1 Move) ---
2026-08-14 09:00:31,708 [INFO] Querying TradingView Screener API (with >= $1 move filter)...
2026-08-14 09:00:32,006 [INFO] [Screener 1 (With $1 Move)] Saved 111 stocks to /home/runner/work/chris-moody-stock-scanner/chris-moody-stock-scanner/Screener_1_With_Dollar1_Move/Chris_Moody_Daily_Scans/2026-08-14_Scan.xlsx
2026-08-14 09:00:32,007 [INFO] [Screener 1 (With $1 Move)] Analyzing 1 historical daily scans...
2026-08-14 09:00:32,019 [INFO] [Screener 1 (With $1 Move)] Dynamic Threshold Applied: Needs >= 1 occurrences (out of 1 days)
2026-08-14 09:00:32,027 [INFO] [Screener 1 (With $1 Move)] Saved Watchlist with 111 stocks to /home/runner/work/chris-moody-stock-scanner/chris-moody-stock-scanner/Screener_1_With_Dollar1_Move/Chris_Moody_Watchlists/2026-08-14_Watchlist.xlsx
2026-08-14 09:00:32,028 [INFO] [Screener 1 (With $1 Move)] Saved TradingView importable text watchlist to /home/runner/work/chris-moody-stock-scanner/chris-moody-stock-scanner/Screener_1_With_Dollar1_Move/Chris_Moody_Watchlists/2026-08-14_TradingView_Watchlist.txt
2026-08-14 09:00:32,028 [INFO] 
--- Running Screener 2 (No $1 Move Limit) ---
2026-08-14 09:00:32,028 [INFO] Querying TradingView Screener API (WITHOUT $1 move constraint)...
2026-08-14 09:00:32,412 [INFO] [Screener 2 (No $1 Move Limit)] Saved 257 stocks to /home/runner/work/chris-moody-stock-scanner/chris-moody-stock-scanner/Screener_2_No_Dollar1_Limit/Chris_Moody_Daily_Scans/2026-08-14_Scan.xlsx
2026-08-14 09:00:32,412 [INFO] [Screener 2 (No $1 Move Limit)] Analyzing 1 historical daily scans...
2026-08-14 09:00:32,429 [INFO] [Screener 2 (No $1 Move Limit)] Dynamic Threshold Applied: Needs >= 1 occurrences (out of 1 days)
2026-08-14 09:00:32,441 [INFO] [Screener 2 (No $1 Move Limit)] Saved Watchlist with 257 stocks to /home/runner/work/chris-moody-stock-scanner/chris-moody-stock-scanner/Screener_2_No_Dollar1_Limit/Chris_Moody_Watchlists/2026-08-14_Watchlist.xlsx
2026-08-14 09:00:32,441 [INFO] [Screener 2 (No $1 Move Limit)] Saved TradingView importable text watchlist to /home/runner/work/chris-moody-stock-scanner/chris-moody-stock-scanner/Screener_2_No_Dollar1_Limit/Chris_Moody_Watchlists/2026-08-14_TradingView_Watchlist.txt
2026-08-14 09:00:32,441 [INFO] 
=== All Screeners Completed Successfully ===
2026-08-14 21:52:47,527 [INFO] ==================================================
2026-08-14 21:52:47,527 [INFO] === Dual Chris Moody Stock Scanner Started ===
2026-08-14 21:52:47,527 [INFO] Current US Eastern Time (NY): 2026-08-14 17:52:47 EDT/EST
2026-08-14 21:52:47,527 [INFO] ==================================================
2026-08-14 21:52:47,527 [INFO] 
--- Running Screener 1 (With $1 Move) ---
2026-08-14 21:52:47,527 [INFO] [Screener 1 (With $1 Move)] Today's scan (2026-08-14) already exists: /home/runner/work/chris-moody-stock-scanner/chris-moody-stock-scanner/Screener_1_With_Dollar1_Move/Chris_Moody_Daily_Scans/2026-08-14_Scan.xlsx. Skipping.
2026-08-14 21:52:47,527 [INFO] 
--- Running Screener 2 (No $1 Move Limit) ---
2026-08-14 21:52:47,527 [INFO] [Screener 2 (No $1 Move Limit)] Today's scan (2026-08-14) already exists: /home/runner/work/chris-moody-stock-scanner/chris-moody-stock-scanner/Screener_2_No_Dollar1_Limit/Chris_Moody_Daily_Scans/2026-08-14_Scan.xlsx. Skipping.
2026-08-14 21:52:47,527 [INFO] 
=== All Screeners Completed Successfully ===
2026-08-17 21:53:17,149 [INFO] ==================================================
2026-08-17 21:53:17,149 [INFO] === Dual Chris Moody Stock Scanner Started ===
2026-08-17 21:53:17,149 [INFO] Current US Eastern Time (NY): 2026-08-17 17:53:17 EDT/EST
2026-08-17 21:53:17,149 [INFO] ==================================================
2026-08-17 21:53:17,150 [INFO] 
--- Running Screener 1 (With $1 Move) ---
2026-08-17 21:53:17,150 [INFO] Querying TradingView Screener API (with >= $1 move filter)...
2026-08-17 21:53:17,401 [INFO] [Screener 1 (With $1 Move)] Saved 38 stocks to /home/runner/work/chris-moody-stock-scanner/chris-moody-stock-scanner/Screener_1_With_Dollar1_Move/Chris_Moody_Daily_Scans/2026-08-17_Scan.xlsx
2026-08-17 21:53:17,402 [INFO] [Screener 1 (With $1 Move)] Analyzing 2 historical daily scans...
2026-08-17 21:53:17,414 [INFO] [Screener 1 (With $1 Move)] Dynamic Threshold Applied: Needs >= 1 occurrences (out of 2 days)
2026-08-17 21:53:17,421 [INFO] [Screener 1 (With $1 Move)] Saved Watchlist with 145 stocks to /home/runner/work/chris-moody-stock-scanner/chris-moody-stock-scanner/Screener_1_With_Dollar1_Move/Chris_Moody_Watchlists/2026-08-17_Watchlist.xlsx
2026-08-17 21:53:17,421 [INFO] [Screener 1 (With $1 Move)] Saved TradingView importable text watchlist to /home/runner/work/chris-moody-stock-scanner/chris-moody-stock-scanner/Screener_1_With_Dollar1_Move/Chris_Moody_Watchlists/2026-08-17_TradingView_Watchlist.txt
2026-08-17 21:53:17,422 [INFO] 
--- Running Screener 2 (No $1 Move Limit) ---
2026-08-17 21:53:17,422 [INFO] Querying TradingView Screener API (WITHOUT $1 move constraint)...
2026-08-17 21:53:17,620 [INFO] [Screener 2 (No $1 Move Limit)] Saved 135 stocks to /home/runner/work/chris-moody-stock-scanner/chris-moody-stock-scanner/Screener_2_No_Dollar1_Limit/Chris_Moody_Daily_Scans/2026-08-17_Scan.xlsx
2026-08-17 21:53:17,620 [INFO] [Screener 2 (No $1 Move Limit)] Analyzing 2 historical daily scans...
2026-08-17 21:53:17,640 [INFO] [Screener 2 (No $1 Move Limit)] Dynamic Threshold Applied: Needs >= 1 occurrences (out of 2 days)
2026-08-17 21:53:17,652 [INFO] [Screener 2 (No $1 Move Limit)] Saved Watchlist with 367 stocks to /home/runner/work/chris-moody-stock-scanner/chris-moody-stock-scanner/Screener_2_No_Dollar1_Limit/Chris_Moody_Watchlists/2026-08-17_Watchlist.xlsx
2026-08-17 21:53:17,652 [INFO] [Screener 2 (No $1 Move Limit)] Saved TradingView importable text watchlist to /home/runner/work/chris-moody-stock-scanner/chris-moody-stock-scanner/Screener_2_No_Dollar1_Limit/Chris_Moody_Watchlists/2026-08-17_TradingView_Watchlist.txt
2026-08-17 21:53:17,652 [INFO] 
=== All Screeners Completed Successfully ===
2026-08-18 21:49:47,386 [INFO] ==================================================
2026-08-18 21:49:47,386 [INFO] === Dual Chris Moody Stock Scanner Started ===
2026-08-18 21:49:47,386 [INFO] Current US Eastern Time (NY): 2026-08-18 17:49:47 EDT/EST
2026-08-18 21:49:47,386 [INFO] ==================================================
2026-08-18 21:49:47,386 [INFO] 
--- Running Screener 1 (With $1 Move) ---
2026-08-18 21:49:47,387 [INFO] Querying TradingView Screener API (with >= $1 move filter)...
2026-08-18 21:49:47,698 [INFO] [Screener 1 (With $1 Move)] Saved 25 stocks to /home/runner/work/chris-moody-stock-scanner/chris-moody-stock-scanner/Screener_1_With_Dollar1_Move/Chris_Moody_Daily_Scans/2026-08-18_Scan.xlsx
2026-08-18 21:49:47,699 [INFO] [Screener 1 (With $1 Move)] Analyzing 3 historical daily scans...
2026-08-18 21:49:47,721 [INFO] [Screener 1 (With $1 Move)] Dynamic Threshold Applied: Needs >= 1 occurrences (out of 3 days)
2026-08-18 21:49:47,731 [INFO] [Screener 1 (With $1 Move)] Saved Watchlist with 164 stocks to /home/runner/work/chris-moody-stock-scanner/chris-moody-stock-scanner/Screener_1_With_Dollar1_Move/Chris_Moody_Watchlists/2026-08-18_Watchlist.xlsx
2026-08-18 21:49:47,731 [INFO] [Screener 1 (With $1 Move)] Saved TradingView importable text watchlist to /home/runner/work/chris-moody-stock-scanner/chris-moody-stock-scanner/Screener_1_With_Dollar1_Move/Chris_Moody_Watchlists/2026-08-18_TradingView_Watchlist.txt
2026-08-18 21:49:47,731 [INFO] 
--- Running Screener 2 (No $1 Move Limit) ---
2026-08-18 21:49:47,732 [INFO] Querying TradingView Screener API (WITHOUT $1 move constraint)...
2026-08-18 21:49:47,850 [INFO] [Screener 2 (No $1 Move Limit)] Saved 95 stocks to /home/runner/work/chris-moody-stock-scanner/chris-moody-stock-scanner/Screener_2_No_Dollar1_Limit/Chris_Moody_Daily_Scans/2026-08-18_Scan.xlsx
2026-08-18 21:49:47,851 [INFO] [Screener 2 (No $1 Move Limit)] Analyzing 3 historical daily scans...
2026-08-18 21:49:47,887 [INFO] [Screener 2 (No $1 Move Limit)] Dynamic Threshold Applied: Needs >= 1 occurrences (out of 3 days)
2026-08-18 21:49:47,906 [INFO] [Screener 2 (No $1 Move Limit)] Saved Watchlist with 435 stocks to /home/runner/work/chris-moody-stock-scanner/chris-moody-stock-scanner/Screener_2_No_Dollar1_Limit/Chris_Moody_Watchlists/2026-08-18_Watchlist.xlsx
2026-08-18 21:49:47,907 [INFO] [Screener 2 (No $1 Move Limit)] Saved TradingView importable text watchlist to /home/runner/work/chris-moody-stock-scanner/chris-moody-stock-scanner/Screener_2_No_Dollar1_Limit/Chris_Moody_Watchlists/2026-08-18_TradingView_Watchlist.txt
2026-08-18 21:49:47,907 [INFO] 
=== All Screeners Completed Successfully ===
2026-08-19 21:54:49,049 [INFO] ==================================================
2026-08-19 21:54:49,049 [INFO] === Dual Chris Moody Stock Scanner Started ===
2026-08-19 21:54:49,049 [INFO] Current US Eastern Time (NY): 2026-08-19 17:54:49 EDT/EST
2026-08-19 21:54:49,049 [INFO] ==================================================
2026-08-19 21:54:49,050 [INFO] 
--- Running Screener 1 (With $1 Move) ---
2026-08-19 21:54:49,050 [INFO] Querying TradingView Screener API (with >= $1 move filter)...
2026-08-19 21:54:49,428 [INFO] [Screener 1 (With $1 Move)] Saved 136 stocks to /home/runner/work/chris-moody-stock-scanner/chris-moody-stock-scanner/Screener_1_With_Dollar1_Move/Chris_Moody_Daily_Scans/2026-08-19_Scan.xlsx
2026-08-19 21:54:49,428 [INFO] [Screener 1 (With $1 Move)] Analyzing 4 historical daily scans...
2026-08-19 21:54:49,461 [INFO] [Screener 1 (With $1 Move)] Dynamic Threshold Applied: Needs >= 1 occurrences (out of 4 days)
2026-08-19 21:54:49,475 [INFO] [Screener 1 (With $1 Move)] Saved Watchlist with 279 stocks to /home/runner/work/chris-moody-stock-scanner/chris-moody-stock-scanner/Screener_1_With_Dollar1_Move/Chris_Moody_Watchlists/2026-08-19_Watchlist.xlsx
2026-08-19 21:54:49,475 [INFO] [Screener 1 (With $1 Move)] Saved TradingView importable text watchlist to /home/runner/work/chris-moody-stock-scanner/chris-moody-stock-scanner/Screener_1_With_Dollar1_Move/Chris_Moody_Watchlists/2026-08-19_TradingView_Watchlist.txt
2026-08-19 21:54:49,475 [INFO] 
--- Running Screener 2 (No $1 Move Limit) ---
2026-08-19 21:54:49,476 [INFO] Querying TradingView Screener API (WITHOUT $1 move constraint)...
2026-08-19 21:54:49,733 [INFO] [Screener 2 (No $1 Move Limit)] Saved 396 stocks to /home/runner/work/chris-moody-stock-scanner/chris-moody-stock-scanner/Screener_2_No_Dollar1_Limit/Chris_Moody_Daily_Scans/2026-08-19_Scan.xlsx
2026-08-19 21:54:49,733 [INFO] [Screener 2 (No $1 Move Limit)] Analyzing 4 historical daily scans...
2026-08-19 21:54:49,792 [INFO] [Screener 2 (No $1 Move Limit)] Dynamic Threshold Applied: Needs >= 1 occurrences (out of 4 days)
2026-08-19 21:54:49,820 [INFO] [Screener 2 (No $1 Move Limit)] Saved Watchlist with 735 stocks to /home/runner/work/chris-moody-stock-scanner/chris-moody-stock-scanner/Screener_2_No_Dollar1_Limit/Chris_Moody_Watchlists/2026-08-19_Watchlist.xlsx
2026-08-19 21:54:49,820 [INFO] [Screener 2 (No $1 Move Limit)] Saved TradingView importable text watchlist to /home/runner/work/chris-moody-stock-scanner/chris-moody-stock-scanner/Screener_2_No_Dollar1_Limit/Chris_Moody_Watchlists/2026-08-19_TradingView_Watchlist.txt
2026-08-19 21:54:49,820 [INFO] 
=== All Screeners Completed Successfully ===
2026-08-20 21:57:34,364 [INFO] ==================================================
2026-08-20 21:57:34,364 [INFO] === Dual Chris Moody Stock Scanner Started ===
2026-08-20 21:57:34,364 [INFO] Current US Eastern Time (NY): 2026-08-20 17:57:34 EDT/EST
2026-08-20 21:57:34,364 [INFO] ==================================================
2026-08-20 21:57:34,364 [INFO] 
--- Running Screener 1 (With $1 Move) ---
2026-08-20 21:57:34,364 [INFO] Querying TradingView Screener API (with >= $1 move filter)...
2026-08-20 21:57:34,670 [INFO] [Screener 1 (With $1 Move)] Saved 28 stocks to /home/runner/work/chris-moody-stock-scanner/chris-moody-stock-scanner/Screener_1_With_Dollar1_Move/Chris_Moody_Daily_Scans/2026-08-20_Scan.xlsx
2026-08-20 21:57:34,671 [INFO] [Screener 1 (With $1 Move)] Analyzing 5 historical daily scans...
2026-08-20 21:57:34,706 [INFO] [Screener 1 (With $1 Move)] Dynamic Threshold Applied: Needs >= 1 occurrences (out of 5 days)
2026-08-20 21:57:34,719 [INFO] [Screener 1 (With $1 Move)] Saved Watchlist with 296 stocks to /home/runner/work/chris-moody-stock-scanner/chris-moody-stock-scanner/Screener_1_With_Dollar1_Move/Chris_Moody_Watchlists/2026-08-20_Watchlist.xlsx
2026-08-20 21:57:34,719 [INFO] [Screener 1 (With $1 Move)] Saved TradingView importable text watchlist to /home/runner/work/chris-moody-stock-scanner/chris-moody-stock-scanner/Screener_1_With_Dollar1_Move/Chris_Moody_Watchlists/2026-08-20_TradingView_Watchlist.txt
2026-08-20 21:57:34,719 [INFO] 
--- Running Screener 2 (No $1 Move Limit) ---
2026-08-20 21:57:34,719 [INFO] Querying TradingView Screener API (WITHOUT $1 move constraint)...
2026-08-20 21:57:34,949 [INFO] [Screener 2 (No $1 Move Limit)] Saved 139 stocks to /home/runner/work/chris-moody-stock-scanner/chris-moody-stock-scanner/Screener_2_No_Dollar1_Limit/Chris_Moody_Daily_Scans/2026-08-20_Scan.xlsx
2026-08-20 21:57:34,949 [INFO] [Screener 2 (No $1 Move Limit)] Analyzing 5 historical daily scans...
2026-08-20 21:57:35,030 [INFO] [Screener 2 (No $1 Move Limit)] Dynamic Threshold Applied: Needs >= 1 occurrences (out of 5 days)
2026-08-20 21:57:35,058 [INFO] [Screener 2 (No $1 Move Limit)] Saved Watchlist with 778 stocks to /home/runner/work/chris-moody-stock-scanner/chris-moody-stock-scanner/Screener_2_No_Dollar1_Limit/Chris_Moody_Watchlists/2026-08-20_Watchlist.xlsx
2026-08-20 21:57:35,058 [INFO] [Screener 2 (No $1 Move Limit)] Saved TradingView importable text watchlist to /home/runner/work/chris-moody-stock-scanner/chris-moody-stock-scanner/Screener_2_No_Dollar1_Limit/Chris_Moody_Watchlists/2026-08-20_TradingView_Watchlist.txt
2026-08-20 21:57:35,058 [INFO] 
=== All Screeners Completed Successfully ===
2026-08-21 21:53:09,896 [INFO] ==================================================
2026-08-21 21:53:09,896 [INFO] === Dual Chris Moody Stock Scanner Started ===
2026-08-21 21:53:09,896 [INFO] Current US Eastern Time (NY): 2026-08-21 17:53:09 EDT/EST
2026-08-21 21:53:09,896 [INFO] ==================================================
2026-08-21 21:53:09,896 [INFO] 
--- Running Screener 1 (With $1 Move) ---
2026-08-21 21:53:09,896 [INFO] Querying TradingView Screener API (with >= $1 move filter)...
2026-08-21 21:53:10,127 [INFO] [Screener 1 (With $1 Move)] Saved 70 stocks to /home/runner/work/chris-moody-stock-scanner/chris-moody-stock-scanner/Screener_1_With_Dollar1_Move/Chris_Moody_Daily_Scans/2026-08-21_Scan.xlsx
2026-08-21 21:53:10,127 [INFO] [Screener 1 (With $1 Move)] Analyzing 6 historical daily scans...
2026-08-21 21:53:10,174 [INFO] [Screener 1 (With $1 Move)] Dynamic Threshold Applied: Needs >= 1 occurrences (out of 6 days)
2026-08-21 21:53:10,190 [INFO] [Screener 1 (With $1 Move)] Saved Watchlist with 343 stocks to /home/runner/work/chris-moody-stock-scanner/chris-moody-stock-scanner/Screener_1_With_Dollar1_Move/Chris_Moody_Watchlists/2026-08-21_Watchlist.xlsx
2026-08-21 21:53:10,190 [INFO] [Screener 1 (With $1 Move)] Saved TradingView importable text watchlist to /home/runner/work/chris-moody-stock-scanner/chris-moody-stock-scanner/Screener_1_With_Dollar1_Move/Chris_Moody_Watchlists/2026-08-21_TradingView_Watchlist.txt
2026-08-21 21:53:10,190 [INFO] 
--- Running Screener 2 (No $1 Move Limit) ---
2026-08-21 21:53:10,190 [INFO] Querying TradingView Screener API (WITHOUT $1 move constraint)...
2026-08-21 21:53:10,366 [INFO] [Screener 2 (No $1 Move Limit)] Saved 257 stocks to /home/runner/work/chris-moody-stock-scanner/chris-moody-stock-scanner/Screener_2_No_Dollar1_Limit/Chris_Moody_Daily_Scans/2026-08-21_Scan.xlsx
2026-08-21 21:53:10,366 [INFO] [Screener 2 (No $1 Move Limit)] Analyzing 6 historical daily scans...
2026-08-21 21:53:10,472 [INFO] [Screener 2 (No $1 Move Limit)] Dynamic Threshold Applied: Needs >= 1 occurrences (out of 6 days)
2026-08-21 21:53:10,506 [INFO] [Screener 2 (No $1 Move Limit)] Saved Watchlist with 897 stocks to /home/runner/work/chris-moody-stock-scanner/chris-moody-stock-scanner/Screener_2_No_Dollar1_Limit/Chris_Moody_Watchlists/2026-08-21_Watchlist.xlsx
2026-08-21 21:53:10,506 [INFO] [Screener 2 (No $1 Move Limit)] Saved TradingView importable text watchlist to /home/runner/work/chris-moody-stock-scanner/chris-moody-stock-scanner/Screener_2_No_Dollar1_Limit/Chris_Moody_Watchlists/2026-08-21_TradingView_Watchlist.txt
2026-08-21 21:53:10,507 [INFO] 
=== All Screeners Completed Successfully ===
2026-08-24 21:57:32,236 [INFO] ==================================================
2026-08-24 21:57:32,236 [INFO] === Dual Chris Moody Stock Scanner Started ===
2026-08-24 21:57:32,236 [INFO] Current US Eastern Time (NY): 2026-08-24 17:57:32 EDT/EST
2026-08-24 21:57:32,236 [INFO] ==================================================
2026-08-24 21:57:32,236 [INFO] 
--- Running Screener 1 (With $1 Move) ---
2026-08-24 21:57:32,236 [INFO] Querying TradingView Screener API (with >= $1 move filter)...
2026-08-24 21:57:32,483 [INFO] [Screener 1 (With $1 Move)] Saved 22 stocks to /home/runner/work/chris-moody-stock-scanner/chris-moody-stock-scanner/Screener_1_With_Dollar1_Move/Chris_Moody_Daily_Scans/2026-08-24_Scan.xlsx
2026-08-24 21:57:32,484 [INFO] [Screener 1 (With $1 Move)] Analyzing 7 historical daily scans...
2026-08-24 21:57:32,541 [INFO] [Screener 1 (With $1 Move)] Dynamic Threshold Applied: Needs >= 1 occurrences (out of 7 days)
2026-08-24 21:57:32,560 [INFO] [Screener 1 (With $1 Move)] Saved Watchlist with 358 stocks to /home/runner/work/chris-moody-stock-scanner/chris-moody-stock-scanner/Screener_1_With_Dollar1_Move/Chris_Moody_Watchlists/2026-08-24_Watchlist.xlsx
2026-08-24 21:57:32,560 [INFO] [Screener 1 (With $1 Move)] Saved TradingView importable text watchlist to /home/runner/work/chris-moody-stock-scanner/chris-moody-stock-scanner/Screener_1_With_Dollar1_Move/Chris_Moody_Watchlists/2026-08-24_TradingView_Watchlist.txt
2026-08-24 21:57:32,560 [INFO] 
--- Running Screener 2 (No $1 Move Limit) ---
2026-08-24 21:57:32,560 [INFO] Querying TradingView Screener API (WITHOUT $1 move constraint)...
2026-08-24 21:57:32,675 [INFO] [Screener 2 (No $1 Move Limit)] Saved 99 stocks to /home/runner/work/chris-moody-stock-scanner/chris-moody-stock-scanner/Screener_2_No_Dollar1_Limit/Chris_Moody_Daily_Scans/2026-08-24_Scan.xlsx
2026-08-24 21:57:32,675 [INFO] [Screener 2 (No $1 Move Limit)] Analyzing 7 historical daily scans...
2026-08-24 21:57:32,822 [INFO] [Screener 2 (No $1 Move Limit)] Dynamic Threshold Applied: Needs >= 1 occurrences (out of 7 days)
2026-08-24 21:57:32,860 [INFO] [Screener 2 (No $1 Move Limit)] Saved Watchlist with 936 stocks to /home/runner/work/chris-moody-stock-scanner/chris-moody-stock-scanner/Screener_2_No_Dollar1_Limit/Chris_Moody_Watchlists/2026-08-24_Watchlist.xlsx
2026-08-24 21:57:32,860 [INFO] [Screener 2 (No $1 Move Limit)] Saved TradingView importable text watchlist to /home/runner/work/chris-moody-stock-scanner/chris-moody-stock-scanner/Screener_2_No_Dollar1_Limit/Chris_Moody_Watchlists/2026-08-24_TradingView_Watchlist.txt
2026-08-24 21:57:32,861 [INFO] 
=== All Screeners Completed Successfully ===
2026-08-25 21:56:13,718 [INFO] ==================================================
2026-08-25 21:56:13,719 [INFO] === Dual Chris Moody Stock Scanner Started ===
2026-08-25 21:56:13,719 [INFO] Current US Eastern Time (NY): 2026-08-25 17:56:13 EDT/EST
2026-08-25 21:56:13,719 [INFO] ==================================================
2026-08-25 21:56:13,719 [INFO] 
--- Running Screener 1 (With $1 Move) ---
2026-08-25 21:56:13,719 [INFO] Querying TradingView Screener API (with >= $1 move filter)...
2026-08-25 21:56:14,019 [INFO] [Screener 1 (With $1 Move)] Saved 73 stocks to /home/runner/work/chris-moody-stock-scanner/chris-moody-stock-scanner/Screener_1_With_Dollar1_Move/Chris_Moody_Daily_Scans/2026-08-25_Scan.xlsx
2026-08-25 21:56:14,019 [INFO] [Screener 1 (With $1 Move)] Analyzing 8 historical daily scans...
2026-08-25 21:56:14,084 [INFO] [Screener 1 (With $1 Move)] Dynamic Threshold Applied: Needs >= 2 occurrences (out of 8 days)
2026-08-25 21:56:14,093 [INFO] [Screener 1 (With $1 Move)] Saved Watchlist with 91 stocks to /home/runner/work/chris-moody-stock-scanner/chris-moody-stock-scanner/Screener_1_With_Dollar1_Move/Chris_Moody_Watchlists/2026-08-25_Watchlist.xlsx
2026-08-25 21:56:14,093 [INFO] [Screener 1 (With $1 Move)] Saved TradingView importable text watchlist to /home/runner/work/chris-moody-stock-scanner/chris-moody-stock-scanner/Screener_1_With_Dollar1_Move/Chris_Moody_Watchlists/2026-08-25_TradingView_Watchlist.txt
2026-08-25 21:56:14,093 [INFO] 
--- Running Screener 2 (No $1 Move Limit) ---
2026-08-25 21:56:14,093 [INFO] Querying TradingView Screener API (WITHOUT $1 move constraint)...
2026-08-25 21:56:14,225 [INFO] [Screener 2 (No $1 Move Limit)] Saved 271 stocks to /home/runner/work/chris-moody-stock-scanner/chris-moody-stock-scanner/Screener_2_No_Dollar1_Limit/Chris_Moody_Daily_Scans/2026-08-25_Scan.xlsx
2026-08-25 21:56:14,226 [INFO] [Screener 2 (No $1 Move Limit)] Analyzing 8 historical daily scans...
2026-08-25 21:56:14,365 [INFO] [Screener 2 (No $1 Move Limit)] Dynamic Threshold Applied: Needs >= 2 occurrences (out of 8 days)
2026-08-25 21:56:14,384 [INFO] [Screener 2 (No $1 Move Limit)] Saved Watchlist with 412 stocks to /home/runner/work/chris-moody-stock-scanner/chris-moody-stock-scanner/Screener_2_No_Dollar1_Limit/Chris_Moody_Watchlists/2026-08-25_Watchlist.xlsx
2026-08-25 21:56:14,384 [INFO] [Screener 2 (No $1 Move Limit)] Saved TradingView importable text watchlist to /home/runner/work/chris-moody-stock-scanner/chris-moody-stock-scanner/Screener_2_No_Dollar1_Limit/Chris_Moody_Watchlists/2026-08-25_TradingView_Watchlist.txt
2026-08-25 21:56:14,385 [INFO] 
=== All Screeners Completed Successfully ===
2026-08-28 02:24:50,553 [INFO] ==================================================
2026-08-28 02:24:50,554 [INFO] === Dual Chris Moody Stock Scanner Started ===
2026-08-28 02:24:50,554 [INFO] Current US Eastern Time (NY): 2026-08-27 22:24:50 EDT/EST
2026-08-28 02:24:50,554 [INFO] ==================================================
2026-08-28 02:24:50,554 [INFO] 
--- Running Screener 1 (With $1 Move) ---
2026-08-28 02:24:50,554 [INFO] Querying TradingView Screener API (with >= $1 move filter)...
2026-08-28 02:24:50,858 [INFO] [Screener 1 (With $1 Move)] Saved 69 stocks to /home/runner/work/sample-stock-scanner/sample-stock-scanner/Screener_1_With_Dollar1_Move/Chris_Moody_Daily_Scans/2026-08-27_Scan.xlsx
2026-08-28 02:24:50,858 [INFO] [Screener 1 (With $1 Move)] Analyzing 9 historical daily scans...
2026-08-28 02:24:50,917 [INFO] [Screener 1 (With $1 Move)] Dynamic Threshold Applied: Needs >= 2 occurrences (out of 9 days)
2026-08-28 02:24:50,925 [INFO] [Screener 1 (With $1 Move)] Saved Watchlist with 113 stocks to /home/runner/work/sample-stock-scanner/sample-stock-scanner/Screener_1_With_Dollar1_Move/Chris_Moody_Watchlists/2026-08-27_Watchlist.xlsx
2026-08-28 02:24:50,926 [INFO] [Screener 1 (With $1 Move)] Saved TradingView importable text watchlist to /home/runner/work/sample-stock-scanner/sample-stock-scanner/Screener_1_With_Dollar1_Move/Chris_Moody_Watchlists/2026-08-27_TradingView_Watchlist.txt
2026-08-28 02:24:50,926 [INFO] 
--- Running Screener 2 (No $1 Move Limit) ---
2026-08-28 02:24:50,926 [INFO] Querying TradingView Screener API (WITHOUT $1 move constraint)...
2026-08-28 02:24:51,128 [INFO] [Screener 2 (No $1 Move Limit)] Saved 216 stocks to /home/runner/work/sample-stock-scanner/sample-stock-scanner/Screener_2_No_Dollar1_Limit/Chris_Moody_Daily_Scans/2026-08-27_Scan.xlsx
2026-08-28 02:24:51,128 [INFO] [Screener 2 (No $1 Move Limit)] Analyzing 9 historical daily scans...
2026-08-28 02:24:51,260 [INFO] [Screener 2 (No $1 Move Limit)] Dynamic Threshold Applied: Needs >= 2 occurrences (out of 9 days)
2026-08-28 02:24:51,278 [INFO] [Screener 2 (No $1 Move Limit)] Saved Watchlist with 479 stocks to /home/runner/work/sample-stock-scanner/sample-stock-scanner/Screener_2_No_Dollar1_Limit/Chris_Moody_Watchlists/2026-08-27_Watchlist.xlsx
2026-08-28 02:24:51,278 [INFO] [Screener 2 (No $1 Move Limit)] Saved TradingView importable text watchlist to /home/runner/work/sample-stock-scanner/sample-stock-scanner/Screener_2_No_Dollar1_Limit/Chris_Moody_Watchlists/2026-08-27_TradingView_Watchlist.txt
2026-08-28 02:24:51,278 [INFO] 
=== All Screeners Completed Successfully ===
2026-08-28 22:00:35,737 [INFO] ==================================================
2026-08-28 22:00:35,737 [INFO] === Dual Chris Moody Stock Scanner Started ===
2026-08-28 22:00:35,737 [INFO] Current US Eastern Time (NY): 2026-08-28 18:00:35 EDT/EST
2026-08-28 22:00:35,737 [INFO] ==================================================
2026-08-28 22:00:35,737 [INFO] 
--- Running Screener 1 (With $1 Move) ---
2026-08-28 22:00:35,737 [INFO] Querying TradingView Screener API (with >= $1 move filter)...
2026-08-28 22:00:36,110 [INFO] [Screener 1 (With $1 Move)] Saved 22 stocks to /home/runner/work/sample-stock-scanner/sample-stock-scanner/Screener_1_With_Dollar1_Move/Chris_Moody_Daily_Scans/2026-08-28_Scan.xlsx
2026-08-28 22:00:36,110 [INFO] [Screener 1 (With $1 Move)] Analyzing 10 historical daily scans...
2026-08-28 22:00:36,185 [INFO] [Screener 1 (With $1 Move)] Dynamic Threshold Applied: Needs >= 2 occurrences (out of 10 days)
2026-08-28 22:00:36,195 [INFO] [Screener 1 (With $1 Move)] Saved Watchlist with 120 stocks to /home/runner/work/sample-stock-scanner/sample-stock-scanner/Screener_1_With_Dollar1_Move/Chris_Moody_Watchlists/2026-08-28_Watchlist.xlsx
2026-08-28 22:00:36,195 [INFO] [Screener 1 (With $1 Move)] Saved TradingView importable text watchlist to /home/runner/work/sample-stock-scanner/sample-stock-scanner/Screener_1_With_Dollar1_Move/Chris_Moody_Watchlists/2026-08-28_TradingView_Watchlist.txt
2026-08-28 22:00:36,195 [INFO] 
--- Running Screener 2 (No $1 Move Limit) ---
2026-08-28 22:00:36,195 [INFO] Querying TradingView Screener API (WITHOUT $1 move constraint)...
2026-08-28 22:00:36,356 [INFO] [Screener 2 (No $1 Move Limit)] Saved 81 stocks to /home/runner/work/sample-stock-scanner/sample-stock-scanner/Screener_2_No_Dollar1_Limit/Chris_Moody_Daily_Scans/2026-08-28_Scan.xlsx
2026-08-28 22:00:36,356 [INFO] [Screener 2 (No $1 Move Limit)] Analyzing 10 historical daily scans...
2026-08-28 22:00:36,505 [INFO] [Screener 2 (No $1 Move Limit)] Dynamic Threshold Applied: Needs >= 2 occurrences (out of 10 days)
2026-08-28 22:00:36,526 [INFO] [Screener 2 (No $1 Move Limit)] Saved Watchlist with 500 stocks to /home/runner/work/sample-stock-scanner/sample-stock-scanner/Screener_2_No_Dollar1_Limit/Chris_Moody_Watchlists/2026-08-28_Watchlist.xlsx
2026-08-28 22:00:36,526 [INFO] [Screener 2 (No $1 Move Limit)] Saved TradingView importable text watchlist to /home/runner/work/sample-stock-scanner/sample-stock-scanner/Screener_2_No_Dollar1_Limit/Chris_Moody_Watchlists/2026-08-28_TradingView_Watchlist.txt
2026-08-28 22:00:36,526 [INFO] 
=== All Screeners Completed Successfully ===
2026-08-31 21:02:26,155 [INFO] ==================================================
2026-08-31 21:02:26,155 [INFO] === Dual Chris Moody Stock Scanner Started ===
2026-08-31 21:02:26,155 [INFO] Current US Eastern Time (NY): 2026-08-31 17:02:26 EDT/EST
2026-08-31 21:02:26,155 [INFO] ==================================================
2026-08-31 21:02:26,155 [INFO] 
--- Running Screener 1 (With $1 Move) ---
2026-08-31 21:02:26,155 [INFO] Querying TradingView Screener API (with >= $1 move filter)...
2026-08-31 21:02:26,468 [INFO] [Screener 1 (With $1 Move)] Saved 33 stocks to /home/runner/work/sample-stock-scanner/sample-stock-scanner/Screener_1_With_Dollar1_Move/Chris_Moody_Daily_Scans/2026-08-31_Scan.xlsx
2026-08-31 21:02:26,468 [INFO] [Screener 1 (With $1 Move)] Analyzing 11 historical daily scans...
2026-08-31 21:02:26,525 [INFO] [Screener 1 (With $1 Move)] Dynamic Threshold Applied: Needs >= 2 occurrences (out of 11 days)
2026-08-31 21:02:26,532 [INFO] [Screener 1 (With $1 Move)] Saved Watchlist with 135 stocks to /home/runner/work/sample-stock-scanner/sample-stock-scanner/Screener_1_With_Dollar1_Move/Chris_Moody_Watchlists/2026-08-31_Watchlist.xlsx
2026-08-31 21:02:26,532 [INFO] [Screener 1 (With $1 Move)] Saved TradingView importable text watchlist to /home/runner/work/sample-stock-scanner/sample-stock-scanner/Screener_1_With_Dollar1_Move/Chris_Moody_Watchlists/2026-08-31_TradingView_Watchlist.txt
2026-08-31 21:02:26,532 [INFO] 
--- Running Screener 2 (No $1 Move Limit) ---
2026-08-31 21:02:26,532 [INFO] Querying TradingView Screener API (WITHOUT $1 move constraint)...
2026-08-31 21:02:26,697 [INFO] [Screener 2 (No $1 Move Limit)] Saved 91 stocks to /home/runner/work/sample-stock-scanner/sample-stock-scanner/Screener_2_No_Dollar1_Limit/Chris_Moody_Daily_Scans/2026-08-31_Scan.xlsx
2026-08-31 21:02:26,697 [INFO] [Screener 2 (No $1 Move Limit)] Analyzing 11 historical daily scans...
2026-08-31 21:02:26,814 [INFO] [Screener 2 (No $1 Move Limit)] Dynamic Threshold Applied: Needs >= 2 occurrences (out of 11 days)
2026-08-31 21:02:26,830 [INFO] [Screener 2 (No $1 Move Limit)] Saved Watchlist with 525 stocks to /home/runner/work/sample-stock-scanner/sample-stock-scanner/Screener_2_No_Dollar1_Limit/Chris_Moody_Watchlists/2026-08-31_Watchlist.xlsx
2026-08-31 21:02:26,830 [INFO] [Screener 2 (No $1 Move Limit)] Saved TradingView importable text watchlist to /home/runner/work/sample-stock-scanner/sample-stock-scanner/Screener_2_No_Dollar1_Limit/Chris_Moody_Watchlists/2026-08-31_TradingView_Watchlist.txt
2026-08-31 21:02:26,830 [INFO] 
=== All Screeners Completed Successfully ===
2026-09-01 21:04:14,014 [INFO] ==================================================
2026-09-01 21:04:14,014 [INFO] === Dual Chris Moody Stock Scanner Started ===
2026-09-01 21:04:14,014 [INFO] Current US Eastern Time (NY): 2026-09-01 17:04:14 EDT/EST
2026-09-01 21:04:14,014 [INFO] ==================================================
2026-09-01 21:04:14,014 [INFO] 
--- Running Screener 1 (With $1 Move) ---
2026-09-01 21:04:14,014 [INFO] Querying TradingView Screener API (with >= $1 move filter)...
2026-09-01 21:04:14,352 [INFO] [Screener 1 (With $1 Move)] Saved 24 stocks to /home/runner/work/sample-stock-scanner/sample-stock-scanner/Screener_1_With_Dollar1_Move/Chris_Moody_Daily_Scans/2026-09-01_Scan.xlsx
2026-09-01 21:04:14,352 [INFO] [Screener 1 (With $1 Move)] Analyzing 12 historical daily scans...
2026-09-01 21:04:14,446 [INFO] [Screener 1 (With $1 Move)] Dynamic Threshold Applied: Needs >= 3 occurrences (out of 12 days)
2026-09-01 21:04:14,454 [INFO] [Screener 1 (With $1 Move)] Saved Watchlist with 40 stocks to /home/runner/work/sample-stock-scanner/sample-stock-scanner/Screener_1_With_Dollar1_Move/Chris_Moody_Watchlists/2026-09-01_Watchlist.xlsx
2026-09-01 21:04:14,455 [INFO] [Screener 1 (With $1 Move)] Saved TradingView importable text watchlist to /home/runner/work/sample-stock-scanner/sample-stock-scanner/Screener_1_With_Dollar1_Move/Chris_Moody_Watchlists/2026-09-01_TradingView_Watchlist.txt
2026-09-01 21:04:14,455 [INFO] 
--- Running Screener 2 (No $1 Move Limit) ---
2026-09-01 21:04:14,455 [INFO] Querying TradingView Screener API (WITHOUT $1 move constraint)...
2026-09-01 21:04:14,562 [INFO] [Screener 2 (No $1 Move Limit)] Saved 84 stocks to /home/runner/work/sample-stock-scanner/sample-stock-scanner/Screener_2_No_Dollar1_Limit/Chris_Moody_Daily_Scans/2026-09-01_Scan.xlsx
2026-09-01 21:04:14,562 [INFO] [Screener 2 (No $1 Move Limit)] Analyzing 12 historical daily scans...
2026-09-01 21:04:14,749 [INFO] [Screener 2 (No $1 Move Limit)] Dynamic Threshold Applied: Needs >= 3 occurrences (out of 12 days)
2026-09-01 21:04:14,762 [INFO] [Screener 2 (No $1 Move Limit)] Saved Watchlist with 246 stocks to /home/runner/work/sample-stock-scanner/sample-stock-scanner/Screener_2_No_Dollar1_Limit/Chris_Moody_Watchlists/2026-09-01_Watchlist.xlsx
2026-09-01 21:04:14,763 [INFO] [Screener 2 (No $1 Move Limit)] Saved TradingView importable text watchlist to /home/runner/work/sample-stock-scanner/sample-stock-scanner/Screener_2_No_Dollar1_Limit/Chris_Moody_Watchlists/2026-09-01_TradingView_Watchlist.txt
2026-09-01 21:04:14,763 [INFO] 
=== All Screeners Completed Successfully ===
2026-09-02 21:04:06,668 [INFO] ==================================================
2026-09-02 21:04:06,669 [INFO] === Dual Chris Moody Stock Scanner Started ===
2026-09-02 21:04:06,669 [INFO] Current US Eastern Time (NY): 2026-09-02 17:04:06 EDT/EST
2026-09-02 21:04:06,669 [INFO] ==================================================
2026-09-02 21:04:06,669 [INFO] 
--- Running Screener 1 (With $1 Move) ---
2026-09-02 21:04:06,669 [INFO] Querying TradingView Screener API (with >= $1 move filter)...
2026-09-02 21:04:06,972 [INFO] [Screener 1 (With $1 Move)] Saved 80 stocks to /home/runner/work/sample-stock-scanner/sample-stock-scanner/Screener_1_With_Dollar1_Move/Chris_Moody_Daily_Scans/2026-09-02_Scan.xlsx
2026-09-02 21:04:06,972 [INFO] [Screener 1 (With $1 Move)] Analyzing 13 historical daily scans...
2026-09-02 21:04:07,065 [INFO] [Screener 1 (With $1 Move)] Dynamic Threshold Applied: Needs >= 3 occurrences (out of 13 days)
2026-09-02 21:04:07,072 [INFO] [Screener 1 (With $1 Move)] Saved Watchlist with 52 stocks to /home/runner/work/sample-stock-scanner/sample-stock-scanner/Screener_1_With_Dollar1_Move/Chris_Moody_Watchlists/2026-09-02_Watchlist.xlsx
2026-09-02 21:04:07,072 [INFO] [Screener 1 (With $1 Move)] Saved TradingView importable text watchlist to /home/runner/work/sample-stock-scanner/sample-stock-scanner/Screener_1_With_Dollar1_Move/Chris_Moody_Watchlists/2026-09-02_TradingView_Watchlist.txt
2026-09-02 21:04:07,073 [INFO] 
--- Running Screener 2 (No $1 Move Limit) ---
2026-09-02 21:04:07,073 [INFO] Querying TradingView Screener API (WITHOUT $1 move constraint)...
2026-09-02 21:04:07,259 [INFO] [Screener 2 (No $1 Move Limit)] Saved 240 stocks to /home/runner/work/sample-stock-scanner/sample-stock-scanner/Screener_2_No_Dollar1_Limit/Chris_Moody_Daily_Scans/2026-09-02_Scan.xlsx
2026-09-02 21:04:07,259 [INFO] [Screener 2 (No $1 Move Limit)] Analyzing 13 historical daily scans...
2026-09-02 21:04:07,457 [INFO] [Screener 2 (No $1 Move Limit)] Dynamic Threshold Applied: Needs >= 3 occurrences (out of 13 days)
2026-09-02 21:04:07,472 [INFO] [Screener 2 (No $1 Move Limit)] Saved Watchlist with 298 stocks to /home/runner/work/sample-stock-scanner/sample-stock-scanner/Screener_2_No_Dollar1_Limit/Chris_Moody_Watchlists/2026-09-02_Watchlist.xlsx
2026-09-02 21:04:07,472 [INFO] [Screener 2 (No $1 Move Limit)] Saved TradingView importable text watchlist to /home/runner/work/sample-stock-scanner/sample-stock-scanner/Screener_2_No_Dollar1_Limit/Chris_Moody_Watchlists/2026-09-02_TradingView_Watchlist.txt
2026-09-02 21:04:07,473 [INFO] 
=== All Screeners Completed Successfully ===
2026-09-03 21:04:38,212 [INFO] ==================================================
2026-09-03 21:04:38,212 [INFO] === Dual Chris Moody Stock Scanner Started ===
2026-09-03 21:04:38,212 [INFO] Current US Eastern Time (NY): 2026-09-03 17:04:38 EDT/EST
2026-09-03 21:04:38,212 [INFO] ==================================================
2026-09-03 21:04:38,212 [INFO] 
--- Running Screener 1 (With $1 Move) ---
2026-09-03 21:04:38,212 [INFO] Querying TradingView Screener API (with >= $1 move filter)...
2026-09-03 21:04:38,527 [INFO] [Screener 1 (With $1 Move)] Saved 88 stocks to /home/runner/work/sample-stock-scanner/sample-stock-scanner/Screener_1_With_Dollar1_Move/Chris_Moody_Daily_Scans/2026-09-03_Scan.xlsx
2026-09-03 21:04:38,528 [INFO] [Screener 1 (With $1 Move)] Analyzing 14 historical daily scans...
2026-09-03 21:04:38,624 [INFO] [Screener 1 (With $1 Move)] Dynamic Threshold Applied: Needs >= 3 occurrences (out of 14 days)
2026-09-03 21:04:38,632 [INFO] [Screener 1 (With $1 Move)] Saved Watchlist with 62 stocks to /home/runner/work/sample-stock-scanner/sample-stock-scanner/Screener_1_With_Dollar1_Move/Chris_Moody_Watchlists/2026-09-03_Watchlist.xlsx
2026-09-03 21:04:38,632 [INFO] [Screener 1 (With $1 Move)] Saved TradingView importable text watchlist to /home/runner/work/sample-stock-scanner/sample-stock-scanner/Screener_1_With_Dollar1_Move/Chris_Moody_Watchlists/2026-09-03_TradingView_Watchlist.txt
2026-09-03 21:04:38,632 [INFO] 
--- Running Screener 2 (No $1 Move Limit) ---
2026-09-03 21:04:38,632 [INFO] Querying TradingView Screener API (WITHOUT $1 move constraint)...
2026-09-03 21:04:38,936 [INFO] [Screener 2 (No $1 Move Limit)] Saved 216 stocks to /home/runner/work/sample-stock-scanner/sample-stock-scanner/Screener_2_No_Dollar1_Limit/Chris_Moody_Daily_Scans/2026-09-03_Scan.xlsx
2026-09-03 21:04:38,936 [INFO] [Screener 2 (No $1 Move Limit)] Analyzing 14 historical daily scans...
2026-09-03 21:04:39,133 [INFO] [Screener 2 (No $1 Move Limit)] Dynamic Threshold Applied: Needs >= 3 occurrences (out of 14 days)
2026-09-03 21:04:39,149 [INFO] [Screener 2 (No $1 Move Limit)] Saved Watchlist with 342 stocks to /home/runner/work/sample-stock-scanner/sample-stock-scanner/Screener_2_No_Dollar1_Limit/Chris_Moody_Watchlists/2026-09-03_Watchlist.xlsx
2026-09-03 21:04:39,150 [INFO] [Screener 2 (No $1 Move Limit)] Saved TradingView importable text watchlist to /home/runner/work/sample-stock-scanner/sample-stock-scanner/Screener_2_No_Dollar1_Limit/Chris_Moody_Watchlists/2026-09-03_TradingView_Watchlist.txt
2026-09-03 21:04:39,150 [INFO] 
=== All Screeners Completed Successfully ===
2026-09-04 21:04:08,950 [INFO] ==================================================
2026-09-04 21:04:08,951 [INFO] === Dual Chris Moody Stock Scanner Started ===
2026-09-04 21:04:08,951 [INFO] Current US Eastern Time (NY): 2026-09-04 17:04:08 EDT/EST
2026-09-04 21:04:08,951 [INFO] ==================================================
2026-09-04 21:04:08,951 [INFO] 
--- Running Screener 1 (With $1 Move) ---
2026-09-04 21:04:08,951 [INFO] Querying TradingView Screener API (with >= $1 move filter)...
2026-09-04 21:04:09,229 [INFO] [Screener 1 (With $1 Move)] Saved 64 stocks to /home/runner/work/sample-stock-scanner/sample-stock-scanner/Screener_1_With_Dollar1_Move/Chris_Moody_Daily_Scans/2026-09-04_Scan.xlsx
2026-09-04 21:04:09,229 [INFO] [Screener 1 (With $1 Move)] Analyzing 15 historical daily scans...
2026-09-04 21:04:09,334 [INFO] [Screener 1 (With $1 Move)] Dynamic Threshold Applied: Needs >= 3 occurrences (out of 15 days)
2026-09-04 21:04:09,343 [INFO] [Screener 1 (With $1 Move)] Saved Watchlist with 74 stocks to /home/runner/work/sample-stock-scanner/sample-stock-scanner/Screener_1_With_Dollar1_Move/Chris_Moody_Watchlists/2026-09-04_Watchlist.xlsx
2026-09-04 21:04:09,343 [INFO] [Screener 1 (With $1 Move)] Saved TradingView importable text watchlist to /home/runner/work/sample-stock-scanner/sample-stock-scanner/Screener_1_With_Dollar1_Move/Chris_Moody_Watchlists/2026-09-04_TradingView_Watchlist.txt
2026-09-04 21:04:09,343 [INFO] 
--- Running Screener 2 (No $1 Move Limit) ---
2026-09-04 21:04:09,343 [INFO] Querying TradingView Screener API (WITHOUT $1 move constraint)...
2026-09-04 21:04:09,563 [INFO] [Screener 2 (No $1 Move Limit)] Saved 138 stocks to /home/runner/work/sample-stock-scanner/sample-stock-scanner/Screener_2_No_Dollar1_Limit/Chris_Moody_Daily_Scans/2026-09-04_Scan.xlsx
2026-09-04 21:04:09,563 [INFO] [Screener 2 (No $1 Move Limit)] Analyzing 15 historical daily scans...
2026-09-04 21:04:09,765 [INFO] [Screener 2 (No $1 Move Limit)] Dynamic Threshold Applied: Needs >= 3 occurrences (out of 15 days)
2026-09-04 21:04:09,782 [INFO] [Screener 2 (No $1 Move Limit)] Saved Watchlist with 373 stocks to /home/runner/work/sample-stock-scanner/sample-stock-scanner/Screener_2_No_Dollar1_Limit/Chris_Moody_Watchlists/2026-09-04_Watchlist.xlsx
2026-09-04 21:04:09,783 [INFO] [Screener 2 (No $1 Move Limit)] Saved TradingView importable text watchlist to /home/runner/work/sample-stock-scanner/sample-stock-scanner/Screener_2_No_Dollar1_Limit/Chris_Moody_Watchlists/2026-09-04_TradingView_Watchlist.txt
2026-09-04 21:04:09,783 [INFO] 
=== All Screeners Completed Successfully ===
2026-09-07 21:04:28,000 [INFO] ==================================================
2026-09-07 21:04:28,000 [INFO] === Dual Chris Moody Stock Scanner Started ===
2026-09-07 21:04:28,000 [INFO] Current US Eastern Time (NY): 2026-09-07 17:04:28 EDT/EST
2026-09-07 21:04:28,000 [INFO] ==================================================
2026-09-07 21:04:28,000 [INFO] 
--- Running Screener 1 (With $1 Move) ---
2026-09-07 21:04:28,000 [INFO] Querying TradingView Screener API (with >= $1 move filter)...
2026-09-07 21:04:28,182 [INFO] Fetched data matches previous scan (2026-09-04_Scan.xlsx). Market closed (US Holiday).
2026-09-07 21:04:28,182 [INFO] [Screener 1 (With $1 Move)] Skipping file creation to avoid duplicate market data on non-trading day/holiday.
2026-09-07 21:04:28,182 [INFO] 
--- Running Screener 2 (No $1 Move Limit) ---
2026-09-07 21:04:28,182 [INFO] Querying TradingView Screener API (WITHOUT $1 move constraint)...
2026-09-07 21:04:28,345 [INFO] Fetched data matches previous scan (2026-09-04_Scan.xlsx). Market closed (US Holiday).
2026-09-07 21:04:28,345 [INFO] [Screener 2 (No $1 Move Limit)] Skipping file creation to avoid duplicate market data on non-trading day/holiday.
2026-09-07 21:04:28,345 [INFO] 
=== All Screeners Completed Successfully ===
2026-09-08 21:03:53,232 [INFO] ==================================================
2026-09-08 21:03:53,232 [INFO] === Dual Chris Moody Stock Scanner Started ===
2026-09-08 21:03:53,233 [INFO] Current US Eastern Time (NY): 2026-09-08 17:03:53 EDT/EST
2026-09-08 21:03:53,233 [INFO] ==================================================
2026-09-08 21:03:53,233 [INFO] 
--- Running Screener 1 (With $1 Move) ---
2026-09-08 21:03:53,233 [INFO] Querying TradingView Screener API (with >= $1 move filter)...
2026-09-08 21:03:53,533 [INFO] [Screener 1 (With $1 Move)] Saved 50 stocks to /home/runner/work/sample-stock-scanner/sample-stock-scanner/Screener_1_With_Dollar1_Move/Chris_Moody_Daily_Scans/2026-09-08_Scan.xlsx
2026-09-08 21:03:53,533 [INFO] [Screener 1 (With $1 Move)] Analyzing 16 historical daily scans...
2026-09-08 21:03:53,644 [INFO] [Screener 1 (With $1 Move)] Dynamic Threshold Applied: Needs >= 4 occurrences (out of 16 days)
2026-09-08 21:03:53,650 [INFO] [Screener 1 (With $1 Move)] Saved Watchlist with 19 stocks to /home/runner/work/sample-stock-scanner/sample-stock-scanner/Screener_1_With_Dollar1_Move/Chris_Moody_Watchlists/2026-09-08_Watchlist.xlsx
2026-09-08 21:03:53,650 [INFO] [Screener 1 (With $1 Move)] Saved TradingView importable text watchlist to /home/runner/work/sample-stock-scanner/sample-stock-scanner/Screener_1_With_Dollar1_Move/Chris_Moody_Watchlists/2026-09-08_TradingView_Watchlist.txt
2026-09-08 21:03:53,650 [INFO] 
--- Running Screener 2 (No $1 Move Limit) ---
2026-09-08 21:03:53,651 [INFO] Querying TradingView Screener API (WITHOUT $1 move constraint)...
2026-09-08 21:03:53,856 [INFO] [Screener 2 (No $1 Move Limit)] Saved 177 stocks to /home/runner/work/sample-stock-scanner/sample-stock-scanner/Screener_2_No_Dollar1_Limit/Chris_Moody_Daily_Scans/2026-09-08_Scan.xlsx
2026-09-08 21:03:53,857 [INFO] [Screener 2 (No $1 Move Limit)] Analyzing 16 historical daily scans...
2026-09-08 21:03:54,056 [INFO] [Screener 2 (No $1 Move Limit)] Dynamic Threshold Applied: Needs >= 4 occurrences (out of 16 days)
2026-09-08 21:03:54,069 [INFO] [Screener 2 (No $1 Move Limit)] Saved Watchlist with 213 stocks to /home/runner/work/sample-stock-scanner/sample-stock-scanner/Screener_2_No_Dollar1_Limit/Chris_Moody_Watchlists/2026-09-08_Watchlist.xlsx
2026-09-08 21:03:54,069 [INFO] [Screener 2 (No $1 Move Limit)] Saved TradingView importable text watchlist to /home/runner/work/sample-stock-scanner/sample-stock-scanner/Screener_2_No_Dollar1_Limit/Chris_Moody_Watchlists/2026-09-08_TradingView_Watchlist.txt
2026-09-08 21:03:54,069 [INFO] 
=== All Screeners Completed Successfully ===
2026-09-09 21:04:07,250 [INFO] ==================================================
2026-09-09 21:04:07,250 [INFO] === Dual Chris Moody Stock Scanner Started ===
2026-09-09 21:04:07,250 [INFO] Current US Eastern Time (NY): 2026-09-09 17:04:07 EDT/EST
2026-09-09 21:04:07,250 [INFO] ==================================================
2026-09-09 21:04:07,250 [INFO] 
--- Running Screener 1 (With $1 Move) ---
2026-09-09 21:04:07,250 [INFO] Querying TradingView Screener API (with >= $1 move filter)...
2026-09-09 21:04:07,458 [INFO] [Screener 1 (With $1 Move)] Saved 27 stocks to /home/runner/work/sample-stock-scanner/sample-stock-scanner/Screener_1_With_Dollar1_Move/Chris_Moody_Daily_Scans/2026-09-09_Scan.xlsx
2026-09-09 21:04:07,458 [INFO] [Screener 1 (With $1 Move)] Analyzing 17 historical daily scans...
2026-09-09 21:04:07,541 [INFO] [Screener 1 (With $1 Move)] Dynamic Threshold Applied: Needs >= 4 occurrences (out of 17 days)
2026-09-09 21:04:07,546 [INFO] [Screener 1 (With $1 Move)] Saved Watchlist with 23 stocks to /home/runner/work/sample-stock-scanner/sample-stock-scanner/Screener_1_With_Dollar1_Move/Chris_Moody_Watchlists/2026-09-09_Watchlist.xlsx
2026-09-09 21:04:07,546 [INFO] [Screener 1 (With $1 Move)] Saved TradingView importable text watchlist to /home/runner/work/sample-stock-scanner/sample-stock-scanner/Screener_1_With_Dollar1_Move/Chris_Moody_Watchlists/2026-09-09_TradingView_Watchlist.txt
2026-09-09 21:04:07,546 [INFO] 
--- Running Screener 2 (No $1 Move Limit) ---
2026-09-09 21:04:07,546 [INFO] Querying TradingView Screener API (WITHOUT $1 move constraint)...
2026-09-09 21:04:07,634 [INFO] [Screener 2 (No $1 Move Limit)] Saved 64 stocks to /home/runner/work/sample-stock-scanner/sample-stock-scanner/Screener_2_No_Dollar1_Limit/Chris_Moody_Daily_Scans/2026-09-09_Scan.xlsx
2026-09-09 21:04:07,634 [INFO] [Screener 2 (No $1 Move Limit)] Analyzing 17 historical daily scans...
2026-09-09 21:04:07,780 [INFO] [Screener 2 (No $1 Move Limit)] Dynamic Threshold Applied: Needs >= 4 occurrences (out of 17 days)
2026-09-09 21:04:07,789 [INFO] [Screener 2 (No $1 Move Limit)] Saved Watchlist with 226 stocks to /home/runner/work/sample-stock-scanner/sample-stock-scanner/Screener_2_No_Dollar1_Limit/Chris_Moody_Watchlists/2026-09-09_Watchlist.xlsx
2026-09-09 21:04:07,789 [INFO] [Screener 2 (No $1 Move Limit)] Saved TradingView importable text watchlist to /home/runner/work/sample-stock-scanner/sample-stock-scanner/Screener_2_No_Dollar1_Limit/Chris_Moody_Watchlists/2026-09-09_TradingView_Watchlist.txt
2026-09-09 21:04:07,789 [INFO] 
=== All Screeners Completed Successfully ===
2026-09-10 21:04:06,609 [INFO] ==================================================
2026-09-10 21:04:06,610 [INFO] === Dual Chris Moody Stock Scanner Started ===
2026-09-10 21:04:06,610 [INFO] Current US Eastern Time (NY): 2026-09-10 17:04:06 EDT/EST
2026-09-10 21:04:06,610 [INFO] ==================================================
2026-09-10 21:04:06,610 [INFO] 
--- Running Screener 1 (With $1 Move) ---
2026-09-10 21:04:06,610 [INFO] Querying TradingView Screener API (with >= $1 move filter)...
2026-09-10 21:04:06,863 [INFO] [Screener 1 (With $1 Move)] Saved 23 stocks to /home/runner/work/sample-stock-scanner/sample-stock-scanner/Screener_1_With_Dollar1_Move/Chris_Moody_Daily_Scans/2026-09-10_Scan.xlsx
2026-09-10 21:04:06,863 [INFO] [Screener 1 (With $1 Move)] Analyzing 18 historical daily scans...
2026-09-10 21:04:07,009 [INFO] [Screener 1 (With $1 Move)] Dynamic Threshold Applied: Needs >= 4 occurrences (out of 18 days)
2026-09-10 21:04:07,016 [INFO] [Screener 1 (With $1 Move)] Saved Watchlist with 26 stocks to /home/runner/work/sample-stock-scanner/sample-stock-scanner/Screener_1_With_Dollar1_Move/Chris_Moody_Watchlists/2026-09-10_Watchlist.xlsx
2026-09-10 21:04:07,016 [INFO] [Screener 1 (With $1 Move)] Saved TradingView importable text watchlist to /home/runner/work/sample-stock-scanner/sample-stock-scanner/Screener_1_With_Dollar1_Move/Chris_Moody_Watchlists/2026-09-10_TradingView_Watchlist.txt
2026-09-10 21:04:07,017 [INFO] 
--- Running Screener 2 (No $1 Move Limit) ---
2026-09-10 21:04:07,017 [INFO] Querying TradingView Screener API (WITHOUT $1 move constraint)...
2026-09-10 21:04:07,200 [INFO] [Screener 2 (No $1 Move Limit)] Saved 75 stocks to /home/runner/work/sample-stock-scanner/sample-stock-scanner/Screener_2_No_Dollar1_Limit/Chris_Moody_Daily_Scans/2026-09-10_Scan.xlsx
2026-09-10 21:04:07,201 [INFO] [Screener 2 (No $1 Move Limit)] Analyzing 18 historical daily scans...
2026-09-10 21:04:07,491 [INFO] [Screener 2 (No $1 Move Limit)] Dynamic Threshold Applied: Needs >= 4 occurrences (out of 18 days)
2026-09-10 21:04:07,506 [INFO] [Screener 2 (No $1 Move Limit)] Saved Watchlist with 240 stocks to /home/runner/work/sample-stock-scanner/sample-stock-scanner/Screener_2_No_Dollar1_Limit/Chris_Moody_Watchlists/2026-09-10_Watchlist.xlsx
2026-09-10 21:04:07,506 [INFO] [Screener 2 (No $1 Move Limit)] Saved TradingView importable text watchlist to /home/runner/work/sample-stock-scanner/sample-stock-scanner/Screener_2_No_Dollar1_Limit/Chris_Moody_Watchlists/2026-09-10_TradingView_Watchlist.txt
2026-09-10 21:04:07,506 [INFO] 
=== All Screeners Completed Successfully ===
2026-09-11 21:04:01,919 [INFO] ==================================================
2026-09-11 21:04:01,919 [INFO] === Dual Chris Moody Stock Scanner Started ===
2026-09-11 21:04:01,919 [INFO] Current US Eastern Time (NY): 2026-09-11 17:04:01 EDT/EST
2026-09-11 21:04:01,919 [INFO] ==================================================
2026-09-11 21:04:01,919 [INFO] 
--- Running Screener 1 (With $1 Move) ---
2026-09-11 21:04:01,920 [INFO] Querying TradingView Screener API (with >= $1 move filter)...
2026-09-11 21:04:02,209 [INFO] [Screener 1 (With $1 Move)] Saved 50 stocks to /home/runner/work/sample-stock-scanner/sample-stock-scanner/Screener_1_With_Dollar1_Move/Chris_Moody_Daily_Scans/2026-09-11_Scan.xlsx
2026-09-11 21:04:02,209 [INFO] [Screener 1 (With $1 Move)] Analyzing 19 historical daily scans...
2026-09-11 21:04:02,335 [INFO] [Screener 1 (With $1 Move)] Dynamic Threshold Applied: Needs >= 4 occurrences (out of 19 days)
2026-09-11 21:04:02,342 [INFO] [Screener 1 (With $1 Move)] Saved Watchlist with 34 stocks to /home/runner/work/sample-stock-scanner/sample-stock-scanner/Screener_1_With_Dollar1_Move/Chris_Moody_Watchlists/2026-09-11_Watchlist.xlsx
2026-09-11 21:04:02,342 [INFO] [Screener 1 (With $1 Move)] Saved TradingView importable text watchlist to /home/runner/work/sample-stock-scanner/sample-stock-scanner/Screener_1_With_Dollar1_Move/Chris_Moody_Watchlists/2026-09-11_TradingView_Watchlist.txt
2026-09-11 21:04:02,342 [INFO] 
--- Running Screener 2 (No $1 Move Limit) ---
2026-09-11 21:04:02,342 [INFO] Querying TradingView Screener API (WITHOUT $1 move constraint)...
2026-09-11 21:04:02,539 [INFO] [Screener 2 (No $1 Move Limit)] Saved 138 stocks to /home/runner/work/sample-stock-scanner/sample-stock-scanner/Screener_2_No_Dollar1_Limit/Chris_Moody_Daily_Scans/2026-09-11_Scan.xlsx
2026-09-11 21:04:02,539 [INFO] [Screener 2 (No $1 Move Limit)] Analyzing 19 historical daily scans...
2026-09-11 21:04:02,768 [INFO] [Screener 2 (No $1 Move Limit)] Dynamic Threshold Applied: Needs >= 4 occurrences (out of 19 days)
2026-09-11 21:04:02,782 [INFO] [Screener 2 (No $1 Move Limit)] Saved Watchlist with 264 stocks to /home/runner/work/sample-stock-scanner/sample-stock-scanner/Screener_2_No_Dollar1_Limit/Chris_Moody_Watchlists/2026-09-11_Watchlist.xlsx
2026-09-11 21:04:02,782 [INFO] [Screener 2 (No $1 Move Limit)] Saved TradingView importable text watchlist to /home/runner/work/sample-stock-scanner/sample-stock-scanner/Screener_2_No_Dollar1_Limit/Chris_Moody_Watchlists/2026-09-11_TradingView_Watchlist.txt
2026-09-11 21:04:02,783 [INFO] 
=== All Screeners Completed Successfully ===
2026-09-14 21:04:15,621 [INFO] ==================================================
2026-09-14 21:04:15,622 [INFO] === Dual Chris Moody Stock Scanner Started ===
2026-09-14 21:04:15,622 [INFO] Current US Eastern Time (NY): 2026-09-14 17:04:15 EDT/EST
2026-09-14 21:04:15,622 [INFO] ==================================================
2026-09-14 21:04:15,622 [INFO] 
--- Running Screener 1 (With $1 Move) ---
2026-09-14 21:04:15,622 [INFO] Querying TradingView Screener API (with >= $1 move filter)...
2026-09-14 21:04:15,897 [INFO] [Screener 1 (With $1 Move)] Saved 69 stocks to /home/runner/work/sample-stock-scanner/sample-stock-scanner/Screener_1_With_Dollar1_Move/Chris_Moody_Daily_Scans/2026-09-14_Scan.xlsx
2026-09-14 21:04:15,898 [INFO] [Screener 1 (With $1 Move)] Analyzing 20 historical daily scans...
2026-09-14 21:04:16,049 [INFO] [Screener 1 (With $1 Move)] Dynamic Threshold Applied: Needs >= 5 occurrences (out of 20 days)
2026-09-14 21:04:16,055 [INFO] [Screener 1 (With $1 Move)] Saved Watchlist with 13 stocks to /home/runner/work/sample-stock-scanner/sample-stock-scanner/Screener_1_With_Dollar1_Move/Chris_Moody_Watchlists/2026-09-14_Watchlist.xlsx
2026-09-14 21:04:16,055 [INFO] [Screener 1 (With $1 Move)] Saved TradingView importable text watchlist to /home/runner/work/sample-stock-scanner/sample-stock-scanner/Screener_1_With_Dollar1_Move/Chris_Moody_Watchlists/2026-09-14_TradingView_Watchlist.txt
2026-09-14 21:04:16,055 [INFO] 
--- Running Screener 2 (No $1 Move Limit) ---
2026-09-14 21:04:16,056 [INFO] Querying TradingView Screener API (WITHOUT $1 move constraint)...
2026-09-14 21:04:16,266 [INFO] [Screener 2 (No $1 Move Limit)] Saved 188 stocks to /home/runner/work/sample-stock-scanner/sample-stock-scanner/Screener_2_No_Dollar1_Limit/Chris_Moody_Daily_Scans/2026-09-14_Scan.xlsx
2026-09-14 21:04:16,266 [INFO] [Screener 2 (No $1 Move Limit)] Analyzing 20 historical daily scans...
2026-09-14 21:04:16,516 [INFO] [Screener 2 (No $1 Move Limit)] Dynamic Threshold Applied: Needs >= 5 occurrences (out of 20 days)
2026-09-14 21:04:16,526 [INFO] [Screener 2 (No $1 Move Limit)] Saved Watchlist with 161 stocks to /home/runner/work/sample-stock-scanner/sample-stock-scanner/Screener_2_No_Dollar1_Limit/Chris_Moody_Watchlists/2026-09-14_Watchlist.xlsx
2026-09-14 21:04:16,526 [INFO] [Screener 2 (No $1 Move Limit)] Saved TradingView importable text watchlist to /home/runner/work/sample-stock-scanner/sample-stock-scanner/Screener_2_No_Dollar1_Limit/Chris_Moody_Watchlists/2026-09-14_TradingView_Watchlist.txt
2026-09-14 21:04:16,527 [INFO] 
=== All Screeners Completed Successfully ===
2026-09-15 23:19:29,811 [INFO] ==================================================
2026-09-15 23:19:29,811 [INFO] === Dual Chris Moody Stock Scanner Started ===
2026-09-15 23:19:29,811 [INFO] Current US Eastern Time (NY): 2026-09-15 19:19:29 EDT/EST
2026-09-15 23:19:29,811 [INFO] ==================================================
2026-09-15 23:19:29,812 [INFO] 
--- Running Screener 1 (With $1 Move) ---
2026-09-15 23:19:29,812 [INFO] Querying TradingView Screener API (with >= $1 move filter)...
2026-09-15 23:19:30,016 [INFO] [Screener 1 (With $1 Move)] Saved 37 stocks to /home/runner/work/sample-stock-scanner/sample-stock-scanner/Screener_1_With_Dollar1_Move/Chris_Moody_Daily_Scans/2026-09-15_Scan.xlsx
2026-09-15 23:19:30,016 [INFO] [Screener 1 (With $1 Move)] Analyzing 21 historical daily scans...
2026-09-15 23:19:30,161 [INFO] [Screener 1 (With $1 Move)] Dynamic Threshold Applied: Needs >= 5 occurrences (out of 21 days)
2026-09-15 23:19:30,166 [INFO] [Screener 1 (With $1 Move)] Saved Watchlist with 16 stocks to /home/runner/work/sample-stock-scanner/sample-stock-scanner/Screener_1_With_Dollar1_Move/Chris_Moody_Watchlists/2026-09-15_Watchlist.xlsx
2026-09-15 23:19:30,167 [INFO] [Screener 1 (With $1 Move)] Saved TradingView importable text watchlist to /home/runner/work/sample-stock-scanner/sample-stock-scanner/Screener_1_With_Dollar1_Move/Chris_Moody_Watchlists/2026-09-15_TradingView_Watchlist.txt
2026-09-15 23:19:30,167 [INFO] 
--- Running Screener 2 (No $1 Move Limit) ---
2026-09-15 23:19:30,167 [INFO] Querying TradingView Screener API (WITHOUT $1 move constraint)...
2026-09-15 23:19:30,251 [INFO] [Screener 2 (No $1 Move Limit)] Saved 78 stocks to /home/runner/work/sample-stock-scanner/sample-stock-scanner/Screener_2_No_Dollar1_Limit/Chris_Moody_Daily_Scans/2026-09-15_Scan.xlsx
2026-09-15 23:19:30,251 [INFO] [Screener 2 (No $1 Move Limit)] Analyzing 21 historical daily scans...
2026-09-15 23:19:30,494 [INFO] [Screener 2 (No $1 Move Limit)] Dynamic Threshold Applied: Needs >= 5 occurrences (out of 21 days)
2026-09-15 23:19:30,504 [INFO] [Screener 2 (No $1 Move Limit)] Saved Watchlist with 164 stocks to /home/runner/work/sample-stock-scanner/sample-stock-scanner/Screener_2_No_Dollar1_Limit/Chris_Moody_Watchlists/2026-09-15_Watchlist.xlsx
2026-09-15 23:19:30,505 [INFO] [Screener 2 (No $1 Move Limit)] Saved TradingView importable text watchlist to /home/runner/work/sample-stock-scanner/sample-stock-scanner/Screener_2_No_Dollar1_Limit/Chris_Moody_Watchlists/2026-09-15_TradingView_Watchlist.txt
2026-09-15 23:19:30,505 [INFO] 
=== All Screeners Completed Successfully ===
2026-09-16 23:24:43,683 [INFO] ==================================================
2026-09-16 23:24:43,683 [INFO] === Dual Chris Moody Stock Scanner Started ===
2026-09-16 23:24:43,683 [INFO] Current US Eastern Time (NY): 2026-09-16 19:24:43 EDT/EST
2026-09-16 23:24:43,683 [INFO] ==================================================
2026-09-16 23:24:43,683 [INFO] 
--- Running Screener 1 (With $1 Move) ---
2026-09-16 23:24:43,683 [INFO] Querying TradingView Screener API (with >= $1 move filter)...
2026-09-16 23:24:43,973 [INFO] [Screener 1 (With $1 Move)] Saved 33 stocks to /home/runner/work/sample-stock-scanner/sample-stock-scanner/Screener_1_With_Dollar1_Move/Chris_Moody_Daily_Scans/2026-09-16_Scan.xlsx
2026-09-16 23:24:43,973 [INFO] [Screener 1 (With $1 Move)] Analyzing 22 historical daily scans...
2026-09-16 23:24:44,133 [INFO] [Screener 1 (With $1 Move)] Dynamic Threshold Applied: Needs >= 5 occurrences (out of 22 days)
2026-09-16 23:24:44,140 [INFO] [Screener 1 (With $1 Move)] Saved Watchlist with 17 stocks to /home/runner/work/sample-stock-scanner/sample-stock-scanner/Screener_1_With_Dollar1_Move/Chris_Moody_Watchlists/2026-09-16_Watchlist.xlsx
2026-09-16 23:24:44,140 [INFO] [Screener 1 (With $1 Move)] Saved TradingView importable text watchlist to /home/runner/work/sample-stock-scanner/sample-stock-scanner/Screener_1_With_Dollar1_Move/Chris_Moody_Watchlists/2026-09-16_TradingView_Watchlist.txt
2026-09-16 23:24:44,140 [INFO] 
--- Running Screener 2 (No $1 Move Limit) ---
2026-09-16 23:24:44,140 [INFO] Querying TradingView Screener API (WITHOUT $1 move constraint)...
2026-09-16 23:24:44,372 [INFO] [Screener 2 (No $1 Move Limit)] Saved 90 stocks to /home/runner/work/sample-stock-scanner/sample-stock-scanner/Screener_2_No_Dollar1_Limit/Chris_Moody_Daily_Scans/2026-09-16_Scan.xlsx
2026-09-16 23:24:44,373 [INFO] [Screener 2 (No $1 Move Limit)] Analyzing 22 historical daily scans...
2026-09-16 23:24:44,648 [INFO] [Screener 2 (No $1 Move Limit)] Dynamic Threshold Applied: Needs >= 5 occurrences (out of 22 days)
2026-09-16 23:24:44,659 [INFO] [Screener 2 (No $1 Move Limit)] Saved Watchlist with 179 stocks to /home/runner/work/sample-stock-scanner/sample-stock-scanner/Screener_2_No_Dollar1_Limit/Chris_Moody_Watchlists/2026-09-16_Watchlist.xlsx
2026-09-16 23:24:44,659 [INFO] [Screener 2 (No $1 Move Limit)] Saved TradingView importable text watchlist to /home/runner/work/sample-stock-scanner/sample-stock-scanner/Screener_2_No_Dollar1_Limit/Chris_Moody_Watchlists/2026-09-16_TradingView_Watchlist.txt
2026-09-16 23:24:44,659 [INFO] 
=== All Screeners Completed Successfully ===
2026-09-17 23:16:23,313 [INFO] ==================================================
2026-09-17 23:16:23,313 [INFO] === Dual Chris Moody Stock Scanner Started ===
2026-09-17 23:16:23,313 [INFO] Current US Eastern Time (NY): 2026-09-17 19:16:23 EDT/EST
2026-09-17 23:16:23,313 [INFO] ==================================================
2026-09-17 23:16:23,313 [INFO] 
--- Running Screener 1 (With $1 Move) ---
2026-09-17 23:16:23,314 [INFO] Querying TradingView Screener API (with >= $1 move filter)...
2026-09-17 23:16:23,830 [INFO] [Screener 1 (With $1 Move)] Saved 57 stocks to /home/runner/work/sample-stock-scanner/sample-stock-scanner/Screener_1_With_Dollar1_Move/Chris_Moody_Daily_Scans/2026-09-17_Scan.xlsx
2026-09-17 23:16:23,831 [INFO] [Screener 1 (With $1 Move)] Analyzing 23 historical daily scans...
2026-09-17 23:16:23,954 [INFO] [Screener 1 (With $1 Move)] Dynamic Threshold Applied: Needs >= 5 occurrences (out of 23 days)
2026-09-17 23:16:23,967 [INFO] [Screener 1 (With $1 Move)] Saved Watchlist with 24 stocks to /home/runner/work/sample-stock-scanner/sample-stock-scanner/Screener_1_With_Dollar1_Move/Chris_Moody_Watchlists/2026-09-17_Watchlist.xlsx
2026-09-17 23:16:23,967 [INFO] [Screener 1 (With $1 Move)] Saved TradingView importable text watchlist to /home/runner/work/sample-stock-scanner/sample-stock-scanner/Screener_1_With_Dollar1_Move/Chris_Moody_Watchlists/2026-09-17_TradingView_Watchlist.txt
2026-09-17 23:16:23,968 [INFO] 
--- Running Screener 2 (No $1 Move Limit) ---
2026-09-17 23:16:23,968 [INFO] Querying TradingView Screener API (WITHOUT $1 move constraint)...
2026-09-17 23:16:24,258 [INFO] [Screener 2 (No $1 Move Limit)] Saved 329 stocks to /home/runner/work/sample-stock-scanner/sample-stock-scanner/Screener_2_No_Dollar1_Limit/Chris_Moody_Daily_Scans/2026-09-17_Scan.xlsx
2026-09-17 23:16:24,258 [INFO] [Screener 2 (No $1 Move Limit)] Analyzing 23 historical daily scans...
2026-09-17 23:16:24,468 [INFO] [Screener 2 (No $1 Move Limit)] Dynamic Threshold Applied: Needs >= 5 occurrences (out of 23 days)
2026-09-17 23:16:24,477 [INFO] [Screener 2 (No $1 Move Limit)] Saved Watchlist with 226 stocks to /home/runner/work/sample-stock-scanner/sample-stock-scanner/Screener_2_No_Dollar1_Limit/Chris_Moody_Watchlists/2026-09-17_Watchlist.xlsx
2026-09-17 23:16:24,478 [INFO] [Screener 2 (No $1 Move Limit)] Saved TradingView importable text watchlist to /home/runner/work/sample-stock-scanner/sample-stock-scanner/Screener_2_No_Dollar1_Limit/Chris_Moody_Watchlists/2026-09-17_TradingView_Watchlist.txt
2026-09-17 23:16:24,478 [INFO] 
=== All Screeners Completed Successfully ===
2026-09-18 22:55:13,306 [INFO] ==================================================
2026-09-18 22:55:13,306 [INFO] === Dual Chris Moody Stock Scanner Started ===
2026-09-18 22:55:13,306 [INFO] Current US Eastern Time (NY): 2026-09-18 18:55:13 EDT/EST
2026-09-18 22:55:13,306 [INFO] ==================================================
2026-09-18 22:55:13,306 [INFO] 
--- Running Screener 1 (With $1 Move) ---
2026-09-18 22:55:13,306 [INFO] Querying TradingView Screener API (with >= $1 move filter)...
2026-09-18 22:55:13,563 [INFO] [Screener 1 (With $1 Move)] Saved 60 stocks to /home/runner/work/sample-stock-scanner/sample-stock-scanner/Screener_1_With_Dollar1_Move/Chris_Moody_Daily_Scans/2026-09-18_Scan.xlsx
2026-09-18 22:55:13,563 [INFO] [Screener 1 (With $1 Move)] Analyzing 24 historical daily scans...
2026-09-18 22:55:13,679 [INFO] [Screener 1 (With $1 Move)] Dynamic Threshold Applied: Needs >= 6 occurrences (out of 24 days)
2026-09-18 22:55:13,683 [INFO] [Screener 1 (With $1 Move)] Saved Watchlist with 13 stocks to /home/runner/work/sample-stock-scanner/sample-stock-scanner/Screener_1_With_Dollar1_Move/Chris_Moody_Watchlists/2026-09-18_Watchlist.xlsx
2026-09-18 22:55:13,683 [INFO] [Screener 1 (With $1 Move)] Saved TradingView importable text watchlist to /home/runner/work/sample-stock-scanner/sample-stock-scanner/Screener_1_With_Dollar1_Move/Chris_Moody_Watchlists/2026-09-18_TradingView_Watchlist.txt
2026-09-18 22:55:13,683 [INFO] 
--- Running Screener 2 (No $1 Move Limit) ---
2026-09-18 22:55:13,683 [INFO] Querying TradingView Screener API (WITHOUT $1 move constraint)...
2026-09-18 22:55:13,820 [INFO] [Screener 2 (No $1 Move Limit)] Saved 152 stocks to /home/runner/work/sample-stock-scanner/sample-stock-scanner/Screener_2_No_Dollar1_Limit/Chris_Moody_Daily_Scans/2026-09-18_Scan.xlsx
2026-09-18 22:55:13,820 [INFO] [Screener 2 (No $1 Move Limit)] Analyzing 24 historical daily scans...
2026-09-18 22:55:14,007 [INFO] [Screener 2 (No $1 Move Limit)] Dynamic Threshold Applied: Needs >= 6 occurrences (out of 24 days)
2026-09-18 22:55:14,013 [INFO] [Screener 2 (No $1 Move Limit)] Saved Watchlist with 144 stocks to /home/runner/work/sample-stock-scanner/sample-stock-scanner/Screener_2_No_Dollar1_Limit/Chris_Moody_Watchlists/2026-09-18_Watchlist.xlsx
2026-09-18 22:55:14,013 [INFO] [Screener 2 (No $1 Move Limit)] Saved TradingView importable text watchlist to /home/runner/work/sample-stock-scanner/sample-stock-scanner/Screener_2_No_Dollar1_Limit/Chris_Moody_Watchlists/2026-09-18_TradingView_Watchlist.txt
2026-09-18 22:55:14,013 [INFO] 
=== All Screeners Completed Successfully ===
